SUBSCRIBER_ID,ITEM_ID,CATEGORY_ID,SUBCATEGORY_ID,PRODUCT_ID,QUOTED_PRICE,DELIVERY_DATE
SUB_0023,ITEM_2354,CAT_0034,SUBCAT_0023,PROD_0456,34.00,20151216